2026-09-20 13:17:16,662 INFO EDA: 687029 клиентов, 193 колонок; target=1: 0.1082
           clients  visits  response_rate     share
treatment                                          
0           171137   17555       0.102579  0.249097
1           515892   56813       0.110126  0.750903
2026-09-20 13:17:16,665 INFO Типы колонок: {'float64': 191, 'object': 1, 'int64': 1}; пропуски сохранены в eda_columns.csv
2026-09-20 13:17:23,913 WARNING Признак avg_check пропущен: нет необходимых числовых полей
2026-09-20 13:17:44,234 INFO Разбиение: train=549623, test=137406; признаков после OHE=198
2026-09-20 13:17:45,958 ERROR Failed to import duecredit due to No module named 'duecredit'
2026-09-20 13:17:45,969 INFO Обучение: S-Learner (LRS)
2026-09-20 13:18:01,657 INFO Обучение: T-Learner
2026-09-20 13:18:28,864 INFO Обучение: X-Learner (XGBoost)
2026-09-20 13:19:22,574 INFO Обучение: Uplift Random Forest
2026-09-20 13:21:52,725 INFO Метрики только на test:
               model  Qini AUC  Uplift@30%  top30_low  top30_high
 X-Learner (XGBoost)  0.007597    0.012810   0.004390    0.021231
           T-Learner  0.003644    0.011853   0.003541    0.020166
     S-Learner (LRS)  0.000000    0.003417  -0.003448    0.010282
Uplift Random Forest -0.002173    0.012412   0.005015    0.019810
2026-09-20 13:21:52,726 WARNING Победитель по test-Qini: X-Learner (XGBoost). Для внедрения нужен новый holdout
2026-09-20 13:21:56,687 INFO Permutation importance: 25/196
2026-09-20 13:22:00,439 INFO Permutation importance: 50/196
2026-09-20 13:22:04,152 INFO Permutation importance: 75/196
2026-09-20 13:22:07,806 INFO Permutation importance: 100/196
2026-09-20 13:22:11,473 INFO Permutation importance: 125/196
2026-09-20 13:22:15,189 INFO Permutation importance: 150/196
2026-09-20 13:22:18,949 INFO Permutation importance: 175/196
2026-09-20 13:22:27,401 INFO # Результаты: X-Learner (XGBoost)

Test: 137,406 клиентов. SMS топ-30%: 41,222; экономия: 96,184 SMS (70.0%).
Прогноз инкрементальных визитов: топ-30% 640.8, всем 843.8; разница «всем − топ» 203.1. Отрицательная разница означает выигрыш таргетинга.
Наблюдаемая разница долей в топ-30%: 1.281%, приближённый 95%-интервал [0.439%; 2.123%].

Топ-30% — кандидат для отдельного рандомизированного пилота таргетинга.
Денежная прибыль не определена: укажите стоимость SMS и маржу за визит. Разница прибыли = сэкономленные SMS × стоимость − потерянные визиты × маржа.

Победитель выбран по test-Qini для сравнительного анализа. Его метрики и интервалы после выбора оптимистичны и не учитывают выбор модели. Для внедрения нужен новый holdout/эксперимент. Qini измеряет ранжирование, не калибровку CATE. Прогнозные визиты не равны доказанному эффекту.
Порог 30% задан заранее и не оптимизировался. Причинная трактовка требует рандомизации рассылки, отсутствия вмешательства между клиентами и признаков после воздействия. Неизвестный механизм назначения требует отдельного аудита.

## Топ-15 признаков

Падение Qini при перестановке на подвыборке test. Это важность для модели; она не показывает знак влияния и не доказывает причинность. Коррелирующие исходные и составные признаки могут делить важность.

- `sale_count_12m_g57`: 0.02083 ± 0.00860. Количество купленных товаров в группе.
- `k_var_count_per_cheque_15d_g34`: 0.01801 ± 0.00460. Вариативность покупок, скидок или интервалов визитов.
- `stdev_discount_depth_1m`: 0.01781 ± 0.00227. Разброс скидок или интервалов между визитами.
- `stdev_discount_depth_15d`: 0.01605 ± 0.00505. Разброс скидок или интервалов между визитами.
- `sale_count_12m_g49`: 0.01550 ± 0.00104. Количество купленных товаров в группе.
- `k_var_disc_share_3m_g46`: 0.01216 ± 0.00334. Вариативность покупок, скидок или интервалов визитов.
- `k_var_count_per_cheque_6m_g24`: 0.01195 ± 0.00292. Вариативность покупок, скидок или интервалов визитов.
- `k_var_disc_share_15d_g49`: 0.01144 ± 0.00501. Вариативность покупок, скидок или интервалов визитов.
- `k_var_cheque_15d`: 0.01140 ± 0.00304. Вариативность покупок, скидок или интервалов визитов.
- `food_share_1m`: 0.01065 ± 0.00148. Доля продуктов питания в корзине.
- `k_var_disc_share_6m_g44`: 0.00909 ± 0.00405. Вариативность покупок, скидок или интервалов визитов.
- `k_var_disc_share_3m_g26`: 0.00878 ± 0.00941. Вариативность покупок, скидок или интервалов визитов.
- `sale_count_3m_g24`: 0.00803 ± 0.00386. Количество купленных товаров в группе.
- `cheque_count_6m_g79`: 0.00791 ± 0.00523. Частота покупок в указанной товарной группе и периоде.
- `sale_sum_3m_g33`: 0.00747 ± 0.00266. Объём расходов в товарной группе за указанный период.

Результаты: [workspace]\outputs\project\results
